--- Running auto-opt pipeline ---
Working directory: /home/i/mjp218/auto_opt/examples/nma
Input structure: nma_ts.xyz
Configuration: nma_ts.json

Beginning xTB optimisation
[CMD] /scratch/projects/pra-0052/.conda/envs/auto-opt/bin/python /home/i/mjp218/auto_opt/optimise_xtb.py /home/i/mjp218/auto_opt/examples/nma/nma_ts.xyz --chrg 1 --uhf 0 --solvent acetonitrile --jobname xtb_job --ts --constraints 1-5
Submitted batch job 1558469
[INFO] Constraints file written: constraints.inp
[INFO] Slurm script written: xtb_job.slm
[INFO] Job submitted to Slurm queue.
[WAIT] for xtbopt.xyz ...
[OK] Found /home/i/mjp218/auto_opt/examples/nma/xtb/xtbopt.xyz
xTB optimisation complete

Beginning CREST conformer search
[CMD] /scratch/projects/pra-0052/.conda/envs/auto-opt/bin/python /home/i/mjp218/auto_opt/crest_search.py /home/i/mjp218/auto_opt/examples/nma/xtb/xtbopt.xyz --chrg 1 --uhf 0 --solvent acetonitrile --thresh 1.0 --time 12:00:00 --mem 16000 --cpus 16 --jobname crest_job --ts --constraints 1-5
Submitted batch job 1558483
[INFO] Constraints file written: constraints.inp
[INFO] Slurm script written: crest_job.slm
[INFO] Job submitted to Slurm queue.
[WAIT] for crest_ensemble.xyz ...
[OK] Found /home/i/mjp218/auto_opt/examples/nma/crest/crest_ensemble.xyz
CREST conformer search complete

Beginning conformer ranking
[CMD] /scratch/projects/pra-0052/.conda/envs/auto-opt/bin/python /home/i/mjp218/auto_opt/rank_conformers.py /home/i/mjp218/auto_opt/examples/nma/crest/crest_ensemble.xyz --chrg 1 --mult 1 --qc_method m062x --basis_set def2tzvp --solvent acetonitrile --dispersion GD3 --time 02:00:00 --mem 4000 --cpus 4 --max_confs 50
Submitted batch job 1558487
Submitted batch job 1558488
Submitted batch job 1558489
Submitted batch job 1558490
Submitted batch job 1558491
Submitted batch job 1558492
Submitted batch job 1558493
Submitted batch job 1558494
[INFO] Found 8 conformers in /home/i/mjp218/auto_opt/examples/nma/crest/crest_ensemble.xyz
[INFO] Taking top 8 conformers for single point calculations
[INFO] Submitted conf_1.slm.
[INFO] Submitted conf_2.slm.
[INFO] Submitted conf_3.slm.
[INFO] Submitted conf_4.slm.
[INFO] Submitted conf_5.slm.
[INFO] Submitted conf_6.slm.
[INFO] Submitted conf_7.slm.
[INFO] Submitted conf_8.slm.
[INFO] All conformer jobs have been submitted.
[WAIT] Gaussian SPS jobs in crest/sps
[OK] All SPS jobs completed.
Conformer ranking complete

Beginning final DFT optimisation
[CMD] /scratch/projects/pra-0052/.conda/envs/auto-opt/bin/python /home/i/mjp218/auto_opt/optimise_dft.py --sps_dir ../crest/sps --qc_method m062x --basis_set def2tzvp --solvent acetonitrile --dispersion GD3 --time 24:00:00 --mem 16000 --cpus 16 --opt_dir . --jobname nma_ts --ts --constraints 1-5
[INFO] Lowest energy: -5853.6322118700 Ha from conf_2.out
Submitted batch job 1558495
Submitted batch job 1558496
[INFO] Submission complete.
[WAIT] for nma_ts_frozen.out ...
[OK] Found /home/i/mjp218/auto_opt/examples/nma/opt/nma_ts_frozen.out
[WAIT] for nma_ts_full.out ...
[OK] Found /home/i/mjp218/auto_opt/examples/nma/opt/nma_ts_full.out
[INFO] Waiting for TS full optimisation completion...
[INFO] Waiting for TS full optimisation completion...
[INFO] Waiting for TS full optimisation completion...
[INFO] Waiting for TS full optimisation completion...
[INFO] Waiting for TS full optimisation completion...
[INFO] Waiting for TS full optimisation completion...
[INFO] Waiting for TS full optimisation completion...
[INFO] Waiting for TS full optimisation completion...
[INFO] Waiting for TS full optimisation completion...
[INFO] Waiting for TS full optimisation completion...
[INFO] Waiting for TS full optimisation completion...
[INFO] Waiting for TS full optimisation completion...
[INFO] Waiting for TS full optimisation completion...
[INFO] Waiting for TS full optimisation completion...
[INFO] Waiting for TS full optimisation completion...
[INFO] Waiting for TS full optimisation completion...
[INFO] Waiting for TS full optimisation completion...
[INFO] Waiting for TS full optimisation completion...
[INFO] Waiting for TS full optimisation completion...
[INFO] Waiting for TS full optimisation completion...
[INFO] Waiting for TS full optimisation completion...
[INFO] Waiting for TS full optimisation completion...
[INFO] Waiting for TS full optimisation completion...
[INFO] Waiting for TS full optimisation completion...
[INFO] Waiting for TS full optimisation completion...
[INFO] Waiting for TS full optimisation completion...
[INFO] Waiting for TS full optimisation completion...
[INFO] Waiting for TS full optimisation completion...
[INFO] Waiting for TS full optimisation completion...
[INFO] Waiting for TS full optimisation completion...
[INFO] Waiting for TS full optimisation completion...
[INFO] Waiting for TS full optimisation completion...
[INFO] Waiting for TS full optimisation completion...
[INFO] Waiting for TS full optimisation completion...
[INFO] Waiting for TS full optimisation completion...
[INFO] Waiting for TS full optimisation completion...
[INFO] Waiting for TS full optimisation completion...
[INFO] Waiting for TS full optimisation completion...
[INFO] Waiting for TS full optimisation completion...
[INFO] Waiting for TS full optimisation completion...
[INFO] Waiting for TS full optimisation completion...
[INFO] Waiting for TS full optimisation completion...
[INFO] Waiting for TS full optimisation completion...
[OK] TS full optimisation completed: /home/i/mjp218/auto_opt/examples/nma/opt/nma_ts_full.out
Final DFT optimisation complete

[SUCCESS] Pipeline completed successfully.
--- End of auto-opt run ---
